// Jest Snapshot v1, https://goo.gl/fbAQLP

exports[`Dialog tests: Dialog componentDidUpdate all paths 1`] = `
<div
  className="sc-AxirZ cwNZeu"
>
  <div
    className="sc-AxiKw gKNPoJ"
  >
    <h1
      className="sc-AxhCb bbPscf"
    >
      SpecComponentEmpty
    </h1>
    <div
      className="sc-AxhUy dVTMOj"
      onClick={[Function]}
    >
      <div
        className="sc-AxjAm kEXqeh"
        role="presentation"
      >
        <svg
          height="16"
          width="16"
          xmlns="http://www.w3.org/2000/svg"
        >
          <path
            d="M15 2.41L13.59 1 8 6.59 2.41 1 1 2.41 6.59 8 1 13.59 2.41 15 8 9.41 13.59 15 15 13.59 9.41 8z"
          />
        </svg>
      </div>
    </div>
  </div>
  <div
    className="sc-AxgMl jOjGwM"
  >
    <article
      className="sc-fzokOt haPiWu"
      id="component"
    >
      <header
        className="styleguide-component__header"
      >
        <h1
          className="sc-fzqBZW eRUrgr"
        >
          Component
        </h1>
        <div
          className="sc-fzqNJr kNxUom"
        >
          description of component
        </div>
      </header>
      <div
        className="sc-fzoLag hoNyfC"
      >
        <div
          className="sc-fzoXzr cipaZi"
        >
          <span
            className="sc-fzpjYC iCddEn"
            onClick={[Function]}
            role="button"
          >
            PROPERTIES
          </span>
        </div>
      </div>
      <div
        className="sc-fzoyAV ckMHyZ"
      >
        <div
          className="sc-fznJRM jETYWs"
        >
          <section
            className="sc-fzoLsD cRxFYA"
            data-name="SpecComponentEmpty"
            data-vrt-locator="sandbox"
          >
            <header
              className="sc-fzpans FKZHZ"
            >
              <h1
                className="sc-fzplWN dyRpBf"
                onClick={[Function]}
              >
                SpecComponentEmpty
              </h1>
              <div
                className="sc-fznyAO irwOuD"
              >
                <span
                  className="sc-fznKkj dNgTiY"
                  onClick={[Function]}
                >
                  <div
                    className="sc-AxjAm kEXqeh"
                    role="presentation"
                  >
                    <svg
                      height="16"
                      width="16"
                      xmlns="http://www.w3.org/2000/svg"
                    >
                      <path
                        d="M13.444 2H2.556C1.696 2 1 2.696 1 3.556v9.333c0 .859.696 1.555 1.556 1.555h3.11V12.89h-3.11V5.11h10.888v7.778h-3.11v1.555h3.11c.856 0 1.556-.7 1.556-1.555V3.556C15 2.696 14.304 2 13.444 2zM8 6.667l-3.111 3.11h2.333v4.667h1.556V9.778h2.333L8 6.667z"
                      />
                    </svg>
                  </div>
                </span>
                <span
                  className="sc-fznKkj dNgTiY"
                  onClick={[Function]}
                >
                  <div
                    className="sc-AxjAm kEXqeh"
                    role="presentation"
                  >
                    <svg
                      height="16"
                      width="16"
                      xmlns="http://www.w3.org/2000/svg"
                    >
                      <path
                        d="M1 12h3v3h2v-5H1v2zm3-8H1v2h5V1H4v3zm6 11h2v-3h3v-2h-5v5zm2-11V1h-2v5h5V4h-3z"
                      />
                    </svg>
                  </div>
                </span>
              </div>
            </header>
            <div
              data-vrt-locator="sandbox-content"
            >
              <div
                className="sc-fznZeY bAsMRt"
              >
                <article
                  className="sc-fzokOt haPiWu"
                >
                  <header
                    className="styleguide-component__header"
                  >
                    <h1
                      className="sc-fzqBZW eRUrgr"
                    />
                    <div
                      className="sc-fzqNJr kNxUom"
                    />
                  </header>
                </article>
              </div>
            </div>
          </section>
        </div>
        <div
          className="sc-fznJRM jETYWs"
        >
          <section
            className="sc-fzoLsD cRxFYA"
            data-name="SpecComponentPropTypes"
            data-vrt-locator="sandbox"
          >
            <header
              className="sc-fzpans FKZHZ"
            >
              <h1
                className="sc-fzplWN dyRpBf"
                onClick={[Function]}
              >
                SpecComponentPropTypes
              </h1>
              <div
                className="sc-fznyAO irwOuD"
              >
                <span
                  className="sc-fznKkj dNgTiY"
                  onClick={[Function]}
                >
                  <div
                    className="sc-AxjAm kEXqeh"
                    role="presentation"
                  >
                    <svg
                      height="16"
                      width="16"
                      xmlns="http://www.w3.org/2000/svg"
                    >
                      <path
                        d="M13.444 2H2.556C1.696 2 1 2.696 1 3.556v9.333c0 .859.696 1.555 1.556 1.555h3.11V12.89h-3.11V5.11h10.888v7.778h-3.11v1.555h3.11c.856 0 1.556-.7 1.556-1.555V3.556C15 2.696 14.304 2 13.444 2zM8 6.667l-3.111 3.11h2.333v4.667h1.556V9.778h2.333L8 6.667z"
                      />
                    </svg>
                  </div>
                </span>
                <span
                  className="sc-fznKkj dNgTiY"
                  onClick={[Function]}
                >
                  <div
                    className="sc-AxjAm kEXqeh"
                    role="presentation"
                  >
                    <svg
                      height="16"
                      width="16"
                      xmlns="http://www.w3.org/2000/svg"
                    >
                      <path
                        d="M1 12h3v3h2v-5H1v2zm3-8H1v2h5V1H4v3zm6 11h2v-3h3v-2h-5v5zm2-11V1h-2v5h5V4h-3z"
                      />
                    </svg>
                  </div>
                </span>
              </div>
            </header>
            <div
              data-vrt-locator="sandbox-content"
            >
              <div
                className="sc-fznZeY bAsMRt"
              >
                <article
                  className="sc-fzokOt haPiWu"
                >
                  <header
                    className="styleguide-component__header"
                  >
                    <h1
                      className="sc-fzqBZW eRUrgr"
                    />
                    <div
                      className="sc-fzqNJr kNxUom"
                    />
                  </header>
                </article>
              </div>
            </div>
          </section>
        </div>
        <div
          className="sc-fznJRM jETYWs"
        >
          <section
            className="sc-fzoLsD cRxFYA"
            data-name="SpecComponentFull"
            data-vrt-locator="sandbox"
          >
            <header
              className="sc-fzpans FKZHZ"
            >
              <h1
                className="sc-fzplWN dyRpBf"
                onClick={[Function]}
              >
                SpecComponentFull
              </h1>
              <div
                className="sc-fznyAO irwOuD"
              >
                <span
                  className="sc-fznKkj dNgTiY"
                  onClick={[Function]}
                >
                  <div
                    className="sc-AxjAm kEXqeh"
                    role="presentation"
                  >
                    <svg
                      height="16"
                      width="16"
                      xmlns="http://www.w3.org/2000/svg"
                    >
                      <path
                        d="M13.444 2H2.556C1.696 2 1 2.696 1 3.556v9.333c0 .859.696 1.555 1.556 1.555h3.11V12.89h-3.11V5.11h10.888v7.778h-3.11v1.555h3.11c.856 0 1.556-.7 1.556-1.555V3.556C15 2.696 14.304 2 13.444 2zM8 6.667l-3.111 3.11h2.333v4.667h1.556V9.778h2.333L8 6.667z"
                      />
                    </svg>
                  </div>
                </span>
                <span
                  className="sc-fznKkj dNgTiY"
                  onClick={[Function]}
                >
                  <div
                    className="sc-AxjAm kEXqeh"
                    role="presentation"
                  >
                    <svg
                      height="16"
                      width="16"
                      xmlns="http://www.w3.org/2000/svg"
                    >
                      <path
                        d="M1 12h3v3h2v-5H1v2zm3-8H1v2h5V1H4v3zm6 11h2v-3h3v-2h-5v5zm2-11V1h-2v5h5V4h-3z"
                      />
                    </svg>
                  </div>
                </span>
              </div>
            </header>
            <div
              data-vrt-locator="sandbox-content"
            >
              <div
                className="sc-fznZeY bAsMRt"
              >
                <article
                  className="sc-fzokOt haPiWu"
                >
                  <header
                    className="styleguide-component__header"
                  >
                    <h1
                      className="sc-fzqBZW eRUrgr"
                    />
                    <div
                      className="sc-fzqNJr kNxUom"
                    />
                  </header>
                </article>
              </div>
            </div>
          </section>
        </div>
      </div>
    </article>
  </div>
</div>
`;

exports[`Dialog tests: Dialog componentDidUpdate all paths 2`] = `null`;

exports[`Dialog tests: Dialog handleKeydown test 1`] = `null`;

exports[`Dialog tests: Dialog onCloseHandler test 1`] = `null`;

exports[`Dialog tests: Dialog render component 1`] = `null`;

exports[`Dialog tests: Dialog render null 1`] = `null`;
